// Jest Snapshot v1, https://goo.gl/fbAQLP

exports[`Should correctly render ExpensesSummary with 1 expense 1`] = `
<ContextConsumer>
  <Component />
</ContextConsumer>
`;

exports[`Should correctly render ExpensesSummary with 1 expense 2`] = `
<ContextConsumer>
  <Component />
</ContextConsumer>
`;
